// Jest Snapshot v1, https://goo.gl/fbAQLP

exports[`[Home] Render render without crashing 1`] = `
<View>
  <Text>
    Home
  </Text>
  <View
    accessible={true}
    collapsable={false}
    focusable={false}
    onClick={[Function]}
    onResponderGrant={[Function]}
    onResponderMove={[Function]}
    onResponderRelease={[Function]}
    onResponderTerminate={[Function]}
    onResponderTerminationRequest={[Function]}
    onStartShouldSetResponder={[Function]}
    style={
      Object {
        "opacity": 1,
      }
    }
    testID="Button"
  >
    <Text>
      content
    </Text>
  </View>
</View>
`;
